Archive member included to satisfy reference by file (symbol)

c:/program files (x86)/atmel/studio/7.0/toolchain/avr8/avr8-gnu-toolchain/bin/../lib/gcc/avr/5.4.0/avr5\libgcc.a(_exit.o)
                              C:/Program Files (x86)/Atmel/Studio/7.0/Packs/atmel/ATmega_DFP/1.7.374/gcc/dev/atmega328p/avr5/crtatmega328p.o (exit)
c:/program files (x86)/atmel/studio/7.0/toolchain/avr8/avr8-gnu-toolchain/bin/../lib/gcc/avr/5.4.0/avr5\libgcc.a(_copy_data.o)
                              PSB.o (__do_copy_data)
c:/program files (x86)/atmel/studio/7.0/toolchain/avr8/avr8-gnu-toolchain/bin/../lib/gcc/avr/5.4.0/avr5\libgcc.a(_clear_bss.o)
                              PSB.o (__do_clear_bss)
c:/program files (x86)/atmel/studio/7.0/toolchain/avr8/avr8-gnu-toolchain/bin/../lib/gcc/avr/5.4.0/avr5\libgcc.a(_ctors.o)
                              PSB.o (__do_global_ctors)
c:/program files (x86)/atmel/studio/7.0/toolchain/avr8/avr8-gnu-toolchain/bin/../lib/gcc/avr/5.4.0/avr5\libgcc.a(_tablejump2.o)
                              c:/program files (x86)/atmel/studio/7.0/toolchain/avr8/avr8-gnu-toolchain/bin/../lib/gcc/avr/5.4.0/avr5\libgcc.a(_ctors.o) (__tablejump2__)

Discarded input sections

 .data          0x00000000        0x0 C:/Program Files (x86)/Atmel/Studio/7.0/Packs/atmel/ATmega_DFP/1.7.374/gcc/dev/atmega328p/avr5/crtatmega328p.o
 .bss           0x00000000        0x0 C:/Program Files (x86)/Atmel/Studio/7.0/Packs/atmel/ATmega_DFP/1.7.374/gcc/dev/atmega328p/avr5/crtatmega328p.o
 .data          0x00000000        0x6 Assembler1.o
 .bss           0x00000000        0x0 Assembler1.o
 .text          0x00000000        0x0 lcd.o
 .data          0x00000000        0x0 lcd.o
 .bss           0x00000000        0x0 lcd.o
 .text          0x00000000        0x0 mcc_generated_files/system/src/config_bits.o
 .data          0x00000000        0x0 mcc_generated_files/system/src/config_bits.o
 .bss           0x00000000        0x0 mcc_generated_files/system/src/config_bits.o
 .text          0x00000000        0x0 mcc_generated_files/system/src/cpu.o
 .data          0x00000000        0x0 mcc_generated_files/system/src/cpu.o
 .bss           0x00000000        0x0 mcc_generated_files/system/src/cpu.o
 .text.CPU_EnableSleep
                0x00000000        0x8 mcc_generated_files/system/src/cpu.o
 .text.CPU_DisableSleep
                0x00000000        0x8 mcc_generated_files/system/src/cpu.o
 .text.CPU_SetSleepMode
                0x00000000        0xa mcc_generated_files/system/src/cpu.o
 .text.CPU_EnableLowPower
                0x00000000        0x8 mcc_generated_files/system/src/cpu.o
 .text          0x00000000        0x0 mcc_generated_files/system/src/cpuint.o
 .data          0x00000000        0x0 mcc_generated_files/system/src/cpuint.o
 .bss           0x00000000        0x0 mcc_generated_files/system/src/cpuint.o
 .text          0x00000000        0x0 mcc_generated_files/system/src/pins.o
 .data          0x00000000        0x0 mcc_generated_files/system/src/pins.o
 .bss           0x00000000        0x0 mcc_generated_files/system/src/pins.o
 .text.PIN_MANAGER_Initialize
                0x00000000       0x18 mcc_generated_files/system/src/pins.o
 .debug_info    0x00000000       0x82 mcc_generated_files/system/src/pins.o
 .debug_abbrev  0x00000000       0x4f mcc_generated_files/system/src/pins.o
 .debug_aranges
                0x00000000       0x20 mcc_generated_files/system/src/pins.o
 .debug_ranges  0x00000000       0x10 mcc_generated_files/system/src/pins.o
 .debug_line    0x00000000       0xee mcc_generated_files/system/src/pins.o
 .debug_str     0x00000000      0x1a2 mcc_generated_files/system/src/pins.o
 .comment       0x00000000       0x31 mcc_generated_files/system/src/pins.o
 .debug_frame   0x00000000       0x24 mcc_generated_files/system/src/pins.o
 .text          0x00000000        0x0 mcc_generated_files/system/src/protected_io.o
 .data          0x00000000        0x0 mcc_generated_files/system/src/protected_io.o
 .bss           0x00000000        0x0 mcc_generated_files/system/src/protected_io.o
 .text.protected_write_io
                0x00000000        0x8 mcc_generated_files/system/src/protected_io.o
 .debug_line    0x00000000       0x70 mcc_generated_files/system/src/protected_io.o
 .debug_info    0x00000000       0x9f mcc_generated_files/system/src/protected_io.o
 .debug_abbrev  0x00000000       0x14 mcc_generated_files/system/src/protected_io.o
 .debug_aranges
                0x00000000       0x20 mcc_generated_files/system/src/protected_io.o
 .text          0x00000000        0x0 mcc_generated_files/system/src/system.o
 .data          0x00000000        0x0 mcc_generated_files/system/src/system.o
 .bss           0x00000000        0x0 mcc_generated_files/system/src/system.o
 .text.SYSTEM_Initialize
                0x00000000       0x12 mcc_generated_files/system/src/system.o
 .debug_info    0x00000000       0xd5 mcc_generated_files/system/src/system.o
 .debug_abbrev  0x00000000       0x63 mcc_generated_files/system/src/system.o
 .debug_aranges
                0x00000000       0x20 mcc_generated_files/system/src/system.o
 .debug_ranges  0x00000000       0x10 mcc_generated_files/system/src/system.o
 .debug_line    0x00000000       0xf3 mcc_generated_files/system/src/system.o
 .debug_str     0x00000000      0x1e3 mcc_generated_files/system/src/system.o
 .comment       0x00000000       0x31 mcc_generated_files/system/src/system.o
 .debug_frame   0x00000000       0x24 mcc_generated_files/system/src/system.o
 .text          0x00000000        0x0 mcc_generated_files/tc0/src/tc0.o
 .data          0x00000000        0x0 mcc_generated_files/tc0/src/tc0.o
 .bss           0x00000000        0x0 mcc_generated_files/tc0/src/tc0.o
 .text.LcdTimer_Get_Overflow_InterruptFlagStatus
                0x00000000        0x6 mcc_generated_files/tc0/src/tc0.o
 .text.LcdTimer_Get_CompareA_InterruptFlagStatus
                0x00000000        0xc mcc_generated_files/tc0/src/tc0.o
 .text.LcdTimer_Get_CompareB_InterruptFlagStatus
                0x00000000        0xc mcc_generated_files/tc0/src/tc0.o
 .text.LcdTimer_Enable_Overflow_Interrupt
                0x00000000        0xc mcc_generated_files/tc0/src/tc0.o
 .text.LcdTimer_Disable_Overflow_Interrupt
                0x00000000        0xc mcc_generated_files/tc0/src/tc0.o
 .text.LcdTimer_Enable_CompareA_Interrupt
                0x00000000        0xc mcc_generated_files/tc0/src/tc0.o
 .text.LcdTimer_Disable_CompareA_Interrupt
                0x00000000        0xc mcc_generated_files/tc0/src/tc0.o
 .text.LcdTimer_Enable_CompareB_Interrupt
                0x00000000        0xc mcc_generated_files/tc0/src/tc0.o
 .text.LcdTimer_Disable_CompareB_Interrupt
                0x00000000        0xc mcc_generated_files/tc0/src/tc0.o
 .text.LcdTimer_WriteTimer
                0x00000000        0x4 mcc_generated_files/tc0/src/tc0.o
 .text.LcdTimer_ReadTimer
                0x00000000        0x4 mcc_generated_files/tc0/src/tc0.o
 .text          0x00000000        0x0 pinWrite.o
 .data          0x00000000        0x0 pinWrite.o
 .bss           0x00000000        0x0 pinWrite.o
 .text          0x00000000        0x0 PSB.o
 .data          0x00000000        0x0 PSB.o
 .bss           0x00000000        0x0 PSB.o
 .text.assemblyLcdIntPrint
                0x00000000        0xc PSB.o
 .text.assemblyLcdStrPrint
                0x00000000        0xc PSB.o
 .text.assemblyLcdPrintTest
                0x00000000        0xe PSB.o
 .text.AssemblyLcdClear
                0x00000000        0xa PSB.o
 .text          0x00000000        0x0 timer.o
 .data          0x00000000        0x0 timer.o
 .bss           0x00000000        0x0 timer.o
 .text          0x00000000        0x0 c:/program files (x86)/atmel/studio/7.0/toolchain/avr8/avr8-gnu-toolchain/bin/../lib/gcc/avr/5.4.0/avr5\libgcc.a(_exit.o)
 .data          0x00000000        0x0 c:/program files (x86)/atmel/studio/7.0/toolchain/avr8/avr8-gnu-toolchain/bin/../lib/gcc/avr/5.4.0/avr5\libgcc.a(_exit.o)
 .bss           0x00000000        0x0 c:/program files (x86)/atmel/studio/7.0/toolchain/avr8/avr8-gnu-toolchain/bin/../lib/gcc/avr/5.4.0/avr5\libgcc.a(_exit.o)
 .text.libgcc.mul
                0x00000000        0x0 c:/program files (x86)/atmel/studio/7.0/toolchain/avr8/avr8-gnu-toolchain/bin/../lib/gcc/avr/5.4.0/avr5\libgcc.a(_exit.o)
 .text.libgcc.div
                0x00000000        0x0 c:/program files (x86)/atmel/studio/7.0/toolchain/avr8/avr8-gnu-toolchain/bin/../lib/gcc/avr/5.4.0/avr5\libgcc.a(_exit.o)
 .text.libgcc   0x00000000        0x0 c:/program files (x86)/atmel/studio/7.0/toolchain/avr8/avr8-gnu-toolchain/bin/../lib/gcc/avr/5.4.0/avr5\libgcc.a(_exit.o)
 .text.libgcc.prologue
                0x00000000        0x0 c:/program files (x86)/atmel/studio/7.0/toolchain/avr8/avr8-gnu-toolchain/bin/../lib/gcc/avr/5.4.0/avr5\libgcc.a(_exit.o)
 .text.libgcc.builtins
                0x00000000        0x0 c:/program files (x86)/atmel/studio/7.0/toolchain/avr8/avr8-gnu-toolchain/bin/../lib/gcc/avr/5.4.0/avr5\libgcc.a(_exit.o)
 .text.libgcc.fmul
                0x00000000        0x0 c:/program files (x86)/atmel/studio/7.0/toolchain/avr8/avr8-gnu-toolchain/bin/../lib/gcc/avr/5.4.0/avr5\libgcc.a(_exit.o)
 .text.libgcc.fixed
                0x00000000        0x0 c:/program files (x86)/atmel/studio/7.0/toolchain/avr8/avr8-gnu-toolchain/bin/../lib/gcc/avr/5.4.0/avr5\libgcc.a(_exit.o)
 .text          0x00000000        0x0 c:/program files (x86)/atmel/studio/7.0/toolchain/avr8/avr8-gnu-toolchain/bin/../lib/gcc/avr/5.4.0/avr5\libgcc.a(_copy_data.o)
 .data          0x00000000        0x0 c:/program files (x86)/atmel/studio/7.0/toolchain/avr8/avr8-gnu-toolchain/bin/../lib/gcc/avr/5.4.0/avr5\libgcc.a(_copy_data.o)
 .bss           0x00000000        0x0 c:/program files (x86)/atmel/studio/7.0/toolchain/avr8/avr8-gnu-toolchain/bin/../lib/gcc/avr/5.4.0/avr5\libgcc.a(_copy_data.o)
 .text.libgcc.mul
                0x00000000        0x0 c:/program files (x86)/atmel/studio/7.0/toolchain/avr8/avr8-gnu-toolchain/bin/../lib/gcc/avr/5.4.0/avr5\libgcc.a(_copy_data.o)
 .text.libgcc.div
                0x00000000        0x0 c:/program files (x86)/atmel/studio/7.0/toolchain/avr8/avr8-gnu-toolchain/bin/../lib/gcc/avr/5.4.0/avr5\libgcc.a(_copy_data.o)
 .text.libgcc   0x00000000        0x0 c:/program files (x86)/atmel/studio/7.0/toolchain/avr8/avr8-gnu-toolchain/bin/../lib/gcc/avr/5.4.0/avr5\libgcc.a(_copy_data.o)
 .text.libgcc.prologue
                0x00000000        0x0 c:/program files (x86)/atmel/studio/7.0/toolchain/avr8/avr8-gnu-toolchain/bin/../lib/gcc/avr/5.4.0/avr5\libgcc.a(_copy_data.o)
 .text.libgcc.builtins
                0x00000000        0x0 c:/program files (x86)/atmel/studio/7.0/toolchain/avr8/avr8-gnu-toolchain/bin/../lib/gcc/avr/5.4.0/avr5\libgcc.a(_copy_data.o)
 .text.libgcc.fmul
                0x00000000        0x0 c:/program files (x86)/atmel/studio/7.0/toolchain/avr8/avr8-gnu-toolchain/bin/../lib/gcc/avr/5.4.0/avr5\libgcc.a(_copy_data.o)
 .text.libgcc.fixed
                0x00000000        0x0 c:/program files (x86)/atmel/studio/7.0/toolchain/avr8/avr8-gnu-toolchain/bin/../lib/gcc/avr/5.4.0/avr5\libgcc.a(_copy_data.o)
 .text          0x00000000        0x0 c:/program files (x86)/atmel/studio/7.0/toolchain/avr8/avr8-gnu-toolchain/bin/../lib/gcc/avr/5.4.0/avr5\libgcc.a(_clear_bss.o)
 .data          0x00000000        0x0 c:/program files (x86)/atmel/studio/7.0/toolchain/avr8/avr8-gnu-toolchain/bin/../lib/gcc/avr/5.4.0/avr5\libgcc.a(_clear_bss.o)
 .bss           0x00000000        0x0 c:/program files (x86)/atmel/studio/7.0/toolchain/avr8/avr8-gnu-toolchain/bin/../lib/gcc/avr/5.4.0/avr5\libgcc.a(_clear_bss.o)
 .text.libgcc.mul
                0x00000000        0x0 c:/program files (x86)/atmel/studio/7.0/toolchain/avr8/avr8-gnu-toolchain/bin/../lib/gcc/avr/5.4.0/avr5\libgcc.a(_clear_bss.o)
 .text.libgcc.div
                0x00000000        0x0 c:/program files (x86)/atmel/studio/7.0/toolchain/avr8/avr8-gnu-toolchain/bin/../lib/gcc/avr/5.4.0/avr5\libgcc.a(_clear_bss.o)
 .text.libgcc   0x00000000        0x0 c:/program files (x86)/atmel/studio/7.0/toolchain/avr8/avr8-gnu-toolchain/bin/../lib/gcc/avr/5.4.0/avr5\libgcc.a(_clear_bss.o)
 .text.libgcc.prologue
                0x00000000        0x0 c:/program files (x86)/atmel/studio/7.0/toolchain/avr8/avr8-gnu-toolchain/bin/../lib/gcc/avr/5.4.0/avr5\libgcc.a(_clear_bss.o)
 .text.libgcc.builtins
                0x00000000        0x0 c:/program files (x86)/atmel/studio/7.0/toolchain/avr8/avr8-gnu-toolchain/bin/../lib/gcc/avr/5.4.0/avr5\libgcc.a(_clear_bss.o)
 .text.libgcc.fmul
                0x00000000        0x0 c:/program files (x86)/atmel/studio/7.0/toolchain/avr8/avr8-gnu-toolchain/bin/../lib/gcc/avr/5.4.0/avr5\libgcc.a(_clear_bss.o)
 .text.libgcc.fixed
                0x00000000        0x0 c:/program files (x86)/atmel/studio/7.0/toolchain/avr8/avr8-gnu-toolchain/bin/../lib/gcc/avr/5.4.0/avr5\libgcc.a(_clear_bss.o)
 .text          0x00000000        0x0 c:/program files (x86)/atmel/studio/7.0/toolchain/avr8/avr8-gnu-toolchain/bin/../lib/gcc/avr/5.4.0/avr5\libgcc.a(_ctors.o)
 .data          0x00000000        0x0 c:/program files (x86)/atmel/studio/7.0/toolchain/avr8/avr8-gnu-toolchain/bin/../lib/gcc/avr/5.4.0/avr5\libgcc.a(_ctors.o)
 .bss           0x00000000        0x0 c:/program files (x86)/atmel/studio/7.0/toolchain/avr8/avr8-gnu-toolchain/bin/../lib/gcc/avr/5.4.0/avr5\libgcc.a(_ctors.o)
 .text.libgcc.mul
                0x00000000        0x0 c:/program files (x86)/atmel/studio/7.0/toolchain/avr8/avr8-gnu-toolchain/bin/../lib/gcc/avr/5.4.0/avr5\libgcc.a(_ctors.o)
 .text.libgcc.div
                0x00000000        0x0 c:/program files (x86)/atmel/studio/7.0/toolchain/avr8/avr8-gnu-toolchain/bin/../lib/gcc/avr/5.4.0/avr5\libgcc.a(_ctors.o)
 .text.libgcc   0x00000000        0x0 c:/program files (x86)/atmel/studio/7.0/toolchain/avr8/avr8-gnu-toolchain/bin/../lib/gcc/avr/5.4.0/avr5\libgcc.a(_ctors.o)
 .text.libgcc.prologue
                0x00000000        0x0 c:/program files (x86)/atmel/studio/7.0/toolchain/avr8/avr8-gnu-toolchain/bin/../lib/gcc/avr/5.4.0/avr5\libgcc.a(_ctors.o)
 .text.libgcc.builtins
                0x00000000        0x0 c:/program files (x86)/atmel/studio/7.0/toolchain/avr8/avr8-gnu-toolchain/bin/../lib/gcc/avr/5.4.0/avr5\libgcc.a(_ctors.o)
 .text.libgcc.fmul
                0x00000000        0x0 c:/program files (x86)/atmel/studio/7.0/toolchain/avr8/avr8-gnu-toolchain/bin/../lib/gcc/avr/5.4.0/avr5\libgcc.a(_ctors.o)
 .text.libgcc.fixed
                0x00000000        0x0 c:/program files (x86)/atmel/studio/7.0/toolchain/avr8/avr8-gnu-toolchain/bin/../lib/gcc/avr/5.4.0/avr5\libgcc.a(_ctors.o)
 .text          0x00000000        0x0 c:/program files (x86)/atmel/studio/7.0/toolchain/avr8/avr8-gnu-toolchain/bin/../lib/gcc/avr/5.4.0/avr5\libgcc.a(_tablejump2.o)
 .data          0x00000000        0x0 c:/program files (x86)/atmel/studio/7.0/toolchain/avr8/avr8-gnu-toolchain/bin/../lib/gcc/avr/5.4.0/avr5\libgcc.a(_tablejump2.o)
 .bss           0x00000000        0x0 c:/program files (x86)/atmel/studio/7.0/toolchain/avr8/avr8-gnu-toolchain/bin/../lib/gcc/avr/5.4.0/avr5\libgcc.a(_tablejump2.o)
 .text.libgcc.mul
                0x00000000        0x0 c:/program files (x86)/atmel/studio/7.0/toolchain/avr8/avr8-gnu-toolchain/bin/../lib/gcc/avr/5.4.0/avr5\libgcc.a(_tablejump2.o)
 .text.libgcc.div
                0x00000000        0x0 c:/program files (x86)/atmel/studio/7.0/toolchain/avr8/avr8-gnu-toolchain/bin/../lib/gcc/avr/5.4.0/avr5\libgcc.a(_tablejump2.o)
 .text.libgcc.prologue
                0x00000000        0x0 c:/program files (x86)/atmel/studio/7.0/toolchain/avr8/avr8-gnu-toolchain/bin/../lib/gcc/avr/5.4.0/avr5\libgcc.a(_tablejump2.o)
 .text.libgcc.builtins
                0x00000000        0x0 c:/program files (x86)/atmel/studio/7.0/toolchain/avr8/avr8-gnu-toolchain/bin/../lib/gcc/avr/5.4.0/avr5\libgcc.a(_tablejump2.o)
 .text.libgcc.fmul
                0x00000000        0x0 c:/program files (x86)/atmel/studio/7.0/toolchain/avr8/avr8-gnu-toolchain/bin/../lib/gcc/avr/5.4.0/avr5\libgcc.a(_tablejump2.o)
 .text.libgcc.fixed
                0x00000000        0x0 c:/program files (x86)/atmel/studio/7.0/toolchain/avr8/avr8-gnu-toolchain/bin/../lib/gcc/avr/5.4.0/avr5\libgcc.a(_tablejump2.o)

Memory Configuration

Name             Origin             Length             Attributes
text             0x00000000         0x00008000         xr
data             0x00800100         0x00000800         rw !x
eeprom           0x00810000         0x00000400         rw !x
fuse             0x00820000         0x00000003         rw !x
lock             0x00830000         0x00000400         rw !x
signature        0x00840000         0x00000400         rw !x
user_signatures  0x00850000         0x00000400         rw !x
*default*        0x00000000         0xffffffff

Linker script and memory map

Address of section .data set to 0x800100
LOAD C:/Program Files (x86)/Atmel/Studio/7.0/Packs/atmel/ATmega_DFP/1.7.374/gcc/dev/atmega328p/avr5/crtatmega328p.o
LOAD Assembler1.o
LOAD lcd.o
LOAD mcc_generated_files/system/src/config_bits.o
LOAD mcc_generated_files/system/src/cpu.o
LOAD mcc_generated_files/system/src/cpuint.o
LOAD mcc_generated_files/system/src/pins.o
LOAD mcc_generated_files/system/src/protected_io.o
LOAD mcc_generated_files/system/src/system.o
LOAD mcc_generated_files/tc0/src/tc0.o
LOAD pinWrite.o
LOAD PSB.o
LOAD timer.o
START GROUP
LOAD c:/program files (x86)/atmel/studio/7.0/toolchain/avr8/avr8-gnu-toolchain/bin/../lib/gcc/avr/5.4.0/../../../../avr/lib/avr5\libm.a
END GROUP
LOAD c:/program files (x86)/atmel/studio/7.0/toolchain/avr8/avr8-gnu-toolchain/bin/../lib/gcc/avr/5.4.0/avr5\libgcc.a
LOAD c:/program files (x86)/atmel/studio/7.0/toolchain/avr8/avr8-gnu-toolchain/bin/../lib/gcc/avr/5.4.0/../../../../avr/lib/avr5\libm.a
START GROUP
LOAD c:/program files (x86)/atmel/studio/7.0/toolchain/avr8/avr8-gnu-toolchain/bin/../lib/gcc/avr/5.4.0/avr5\libgcc.a
LOAD c:/program files (x86)/atmel/studio/7.0/toolchain/avr8/avr8-gnu-toolchain/bin/../lib/gcc/avr/5.4.0/../../../../avr/lib/avr5\libm.a
LOAD c:/program files (x86)/atmel/studio/7.0/toolchain/avr8/avr8-gnu-toolchain/bin/../lib/gcc/avr/5.4.0/../../../../avr/lib/avr5\libc.a
LOAD C:/Program Files (x86)/Atmel/Studio/7.0/Packs/atmel/ATmega_DFP/1.7.374/gcc/dev/atmega328p/avr5\libatmega328p.a
END GROUP
                0x00000000                __TEXT_REGION_ORIGIN__ = DEFINED (__TEXT_REGION_ORIGIN__)?__TEXT_REGION_ORIGIN__:0x0
                [0x00800100]                __DATA_REGION_ORIGIN__ = DEFINED (__DATA_REGION_ORIGIN__)?__DATA_REGION_ORIGIN__:0x800060
                [0x00008000]                __TEXT_REGION_LENGTH__ = DEFINED (__TEXT_REGION_LENGTH__)?__TEXT_REGION_LENGTH__:0x20000
                [0x00000800]                __DATA_REGION_LENGTH__ = DEFINED (__DATA_REGION_LENGTH__)?__DATA_REGION_LENGTH__:0xffa0
                [0x00000400]                __EEPROM_REGION_LENGTH__ = DEFINED (__EEPROM_REGION_LENGTH__)?__EEPROM_REGION_LENGTH__:0x10000
                [0x00000003]                __FUSE_REGION_LENGTH__ = DEFINED (__FUSE_REGION_LENGTH__)?__FUSE_REGION_LENGTH__:0x400
                0x00000400                __LOCK_REGION_LENGTH__ = DEFINED (__LOCK_REGION_LENGTH__)?__LOCK_REGION_LENGTH__:0x400
                0x00000400                __SIGNATURE_REGION_LENGTH__ = DEFINED (__SIGNATURE_REGION_LENGTH__)?__SIGNATURE_REGION_LENGTH__:0x400
                0x00000400                __USER_SIGNATURE_REGION_LENGTH__ = DEFINED (__USER_SIGNATURE_REGION_LENGTH__)?__USER_SIGNATURE_REGION_LENGTH__:0x400

.hash
 *(.hash)

.dynsym
 *(.dynsym)

.dynstr
 *(.dynstr)

.gnu.version
 *(.gnu.version)

.gnu.version_d
 *(.gnu.version_d)

.gnu.version_r
 *(.gnu.version_r)

.rel.init
 *(.rel.init)

.rela.init
 *(.rela.init)

.rel.text
 *(.rel.text)
 *(.rel.text.*)
 *(.rel.gnu.linkonce.t*)

.rela.text
 *(.rela.text)
 *(.rela.text.*)
 *(.rela.gnu.linkonce.t*)

.rel.fini
 *(.rel.fini)

.rela.fini
 *(.rela.fini)

.rel.rodata
 *(.rel.rodata)
 *(.rel.rodata.*)
 *(.rel.gnu.linkonce.r*)

.rela.rodata
 *(.rela.rodata)
 *(.rela.rodata.*)
 *(.rela.gnu.linkonce.r*)

.rel.data
 *(.rel.data)
 *(.rel.data.*)
 *(.rel.gnu.linkonce.d*)

.rela.data
 *(.rela.data)
 *(.rela.data.*)
 *(.rela.gnu.linkonce.d*)

.rel.ctors
 *(.rel.ctors)

.rela.ctors
 *(.rela.ctors)

.rel.dtors
 *(.rel.dtors)

.rela.dtors
 *(.rela.dtors)

.rel.got
 *(.rel.got)

.rela.got
 *(.rela.got)

.rel.bss
 *(.rel.bss)

.rela.bss
 *(.rela.bss)

.rel.plt
 *(.rel.plt)

.rela.plt
 *(.rela.plt)

.text           0x00000000      0x48a
 *(.vectors)
 .vectors       0x00000000       0x68 C:/Program Files (x86)/Atmel/Studio/7.0/Packs/atmel/ATmega_DFP/1.7.374/gcc/dev/atmega328p/avr5/crtatmega328p.o
                0x00000000                __vector_default
                0x00000000                __vectors
 *(.vectors)
 *(.progmem.gcc*)
                0x00000068                . = ALIGN (0x2)
                0x00000068                __trampolines_start = .
 *(.trampolines)
 .trampolines   0x00000068        0x0 linker stubs
 *(.trampolines*)
                0x00000068                __trampolines_end = .
 *libprintf_flt.a:*(.progmem.data)
 *libc.a:*(.progmem.data)
 *(.progmem*)
                0x00000068                . = ALIGN (0x2)
 *(.jumptables)
 *(.jumptables*)
 *(.lowtext)
 *(.lowtext*)
                0x00000068                __ctors_start = .
 *(.ctors)
 .ctors         0x00000068        0x2 PSB.o
                0x0000006a                __ctors_end = .
                0x0000006a                __dtors_start = .
 *(.dtors)
                0x0000006a                __dtors_end = .
 SORT(*)(.ctors)
 SORT(*)(.dtors)
 *(.init0)
 .init0         0x0000006a        0x0 C:/Program Files (x86)/Atmel/Studio/7.0/Packs/atmel/ATmega_DFP/1.7.374/gcc/dev/atmega328p/avr5/crtatmega328p.o
                0x0000006a                __init
 *(.init0)
 *(.init1)
 *(.init1)
 *(.init2)
 .init2         0x0000006a        0xc C:/Program Files (x86)/Atmel/Studio/7.0/Packs/atmel/ATmega_DFP/1.7.374/gcc/dev/atmega328p/avr5/crtatmega328p.o
 *(.init2)
 *(.init3)
 *(.init3)
 *(.init4)
 .init4         0x00000076       0x16 c:/program files (x86)/atmel/studio/7.0/toolchain/avr8/avr8-gnu-toolchain/bin/../lib/gcc/avr/5.4.0/avr5\libgcc.a(_copy_data.o)
                0x00000076                __do_copy_data
 .init4         0x0000008c       0x10 c:/program files (x86)/atmel/studio/7.0/toolchain/avr8/avr8-gnu-toolchain/bin/../lib/gcc/avr/5.4.0/avr5\libgcc.a(_clear_bss.o)
                0x0000008c                __do_clear_bss
 *(.init4)
 *(.init5)
 *(.init5)
 *(.init6)
 .init6         0x0000009c       0x16 c:/program files (x86)/atmel/studio/7.0/toolchain/avr8/avr8-gnu-toolchain/bin/../lib/gcc/avr/5.4.0/avr5\libgcc.a(_ctors.o)
                0x0000009c                __do_global_ctors
 *(.init6)
 *(.init7)
 *(.init7)
 *(.init8)
 *(.init8)
 *(.init9)
 .init9         0x000000b2        0x8 C:/Program Files (x86)/Atmel/Studio/7.0/Packs/atmel/ATmega_DFP/1.7.374/gcc/dev/atmega328p/avr5/crtatmega328p.o
 *(.init9)
 *(.text)
 .text          0x000000ba        0x4 C:/Program Files (x86)/Atmel/Studio/7.0/Packs/atmel/ATmega_DFP/1.7.374/gcc/dev/atmega328p/avr5/crtatmega328p.o
                0x000000ba                __vector_22
                0x000000ba                __vector_1
                0x000000ba                __vector_24
                0x000000ba                __vector_12
                0x000000ba                __bad_interrupt
                0x000000ba                __vector_6
                0x000000ba                __vector_3
                0x000000ba                __vector_23
                0x000000ba                __vector_25
                0x000000ba                __vector_11
                0x000000ba                __vector_13
                0x000000ba                __vector_17
                0x000000ba                __vector_19
                0x000000ba                __vector_7
                0x000000ba                __vector_5
                0x000000ba                __vector_4
                0x000000ba                __vector_9
                0x000000ba                __vector_2
                0x000000ba                __vector_21
                0x000000ba                __vector_15
                0x000000ba                __vector_8
                0x000000ba                __vector_10
                0x000000ba                __vector_16
                0x000000ba                __vector_18
                0x000000ba                __vector_20
 .text          0x000000be       0x12 Assembler1.o
                0x000000be                main
                0x000000d0                . = ALIGN (0x2)
 *(.text.*)
 .text._ZN3LCDC2Ev
                0x000000d0        0x2 lcd.o
                0x000000d0                _ZN3LCDC1Ev
                0x000000d0                _ZN3LCDC2Ev
 .text._ZN3LCD11pulseEnableEv
                0x000000d2       0x3c lcd.o
                0x000000d2                _ZN3LCD11pulseEnableEv
 .text._ZN3LCD10write4bitsEh
                0x0000010e       0x4c lcd.o
                0x0000010e                _ZN3LCD10write4bitsEh
 .text._ZN3LCD4sendEhh
                0x0000015a       0x3c lcd.o
                0x0000015a                _ZN3LCD4sendEhh
 .text._ZN3LCD5writeEh
                0x00000196        0xc lcd.o
                0x00000196                _ZN3LCD5writeEh
 .text._ZN3LCD5writeEPKc
                0x000001a2       0x2a lcd.o
                0x000001a2                _ZN3LCD5writeEPKc
 .text._ZN3LCD7displayEv
                0x000001cc       0x14 lcd.o
                0x000001cc                _ZN3LCD7displayEv
 .text._ZN3LCD5clearEv
                0x000001e0       0x12 lcd.o
                0x000001e0                _ZN3LCD5clearEv
 .text._ZN3LCD5beginEhhh
                0x000001f2       0x8e lcd.o
                0x000001f2                _ZN3LCD5beginEhhh
 .text._ZN3LCD4initEv
                0x00000280       0x2a lcd.o
                0x00000280                _ZN3LCD4initEv
 .text.CPU_Initialize
                0x000002aa        0xe mcc_generated_files/system/src/cpu.o
                0x000002aa                CPU_Initialize
 .text.CPUINT_Initialize
                0x000002b8        0xa mcc_generated_files/system/src/cpuint.o
                0x000002b8                CPUINT_Initialize
 .text.LcdTimer_Initialize
                0x000002c2       0x1a mcc_generated_files/tc0/src/tc0.o
                0x000002c2                LcdTimer_Initialize
 .text.__vector_14
                0x000002dc       0x32 mcc_generated_files/tc0/src/tc0.o
                0x000002dc                __vector_14
 .text.pinWrite
                0x0000030e       0x16 pinWrite.o
                0x0000030e                pinWrite
 .text._Z41__static_initialization_and_destruction_0ii
                0x00000324       0x14 PSB.o
 .text._Z22PIN_MANAGER_Initializev
                0x00000338       0x18 PSB.o
                0x00000338                _Z22PIN_MANAGER_Initializev
 .text.assemblyLcdInit
                0x00000350        0xa PSB.o
                0x00000350                assemblyLcdInit
 .text.assemblySYSTEM_Initialize
                0x0000035a       0x12 PSB.o
                0x0000035a                assemblySYSTEM_Initialize
 .text.getDigits
                0x0000036c       0x22 PSB.o
                0x0000036c                getDigits
 .text.assemblyLcdPrintHours
                0x0000038e       0x56 PSB.o
                0x0000038e                assemblyLcdPrintHours
 .text.assemblyLcdPrintMinutes
                0x000003e4       0x42 PSB.o
                0x000003e4                assemblyLcdPrintMinutes
 .text.assemblyLcdPrintSeconds
                0x00000426       0x36 PSB.o
                0x00000426                assemblyLcdPrintSeconds
 .text._GLOBAL__sub_I__Z22PIN_MANAGER_Initializev
                0x0000045c        0xe PSB.o
 .text._Z17delayMicrosecondsj
                0x0000046a       0x10 timer.o
                0x0000046a                _Z17delayMicrosecondsj
 .text.libgcc   0x0000047a        0xc c:/program files (x86)/atmel/studio/7.0/toolchain/avr8/avr8-gnu-toolchain/bin/../lib/gcc/avr/5.4.0/avr5\libgcc.a(_tablejump2.o)
                0x0000047a                __tablejump2__
                0x00000486                . = ALIGN (0x2)
 *(.fini9)
 .fini9         0x00000486        0x0 c:/program files (x86)/atmel/studio/7.0/toolchain/avr8/avr8-gnu-toolchain/bin/../lib/gcc/avr/5.4.0/avr5\libgcc.a(_exit.o)
                0x00000486                _exit
                0x00000486                exit
 *(.fini9)
 *(.fini8)
 *(.fini8)
 *(.fini7)
 *(.fini7)
 *(.fini6)
 *(.fini6)
 *(.fini5)
 *(.fini5)
 *(.fini4)
 *(.fini4)
 *(.fini3)
 *(.fini3)
 *(.fini2)
 *(.fini2)
 *(.fini1)
 *(.fini1)
 *(.fini0)
 .fini0         0x00000486        0x4 c:/program files (x86)/atmel/studio/7.0/toolchain/avr8/avr8-gnu-toolchain/bin/../lib/gcc/avr/5.4.0/avr5\libgcc.a(_exit.o)
 *(.fini0)
                0x0000048a                _etext = .

.data           0x00800100        0xc load address 0x0000048a
                0x00800100                PROVIDE (__data_start, .)
 *(.data)
 *(.data*)
 *(.gnu.linkonce.d*)
 *(.rodata)
 *(.rodata*)
 .rodata.str1.1
                0x00800100        0xc PSB.o
 *(.gnu.linkonce.r*)
                0x0080010c                . = ALIGN (0x2)
                0x0080010c                _edata = .
                0x0080010c                PROVIDE (__data_end, .)

.bss            0x0080010c       0x11
                0x0080010c                PROVIDE (__bss_start, .)
 *(.bss)
 *(.bss*)
 .bss._ZL3lcd   0x0080010c        0xf PSB.o
 .bss.timer_us  0x0080011b        0x2 PSB.o
                0x0080011b                timer_us
 *(COMMON)
                0x0080011d                PROVIDE (__bss_end, .)
                0x0000048a                __data_load_start = LOADADDR (.data)
                0x00000496                __data_load_end = (__data_load_start + SIZEOF (.data))

.noinit         0x0080011d        0x0
                [!provide]                PROVIDE (__noinit_start, .)
 *(.noinit*)
                [!provide]                PROVIDE (__noinit_end, .)
                0x0080011d                _end = .
                [!provide]                PROVIDE (__heap_start, .)

.eeprom         0x00810000        0x0
 *(.eeprom*)
                0x00810000                __eeprom_end = .

.fuse           0x00820000        0x3
 *(.fuse)
 .fuse          0x00820000        0x3 mcc_generated_files/system/src/config_bits.o
                0x00820000                __fuse
 *(.lfuse)
 *(.hfuse)
 *(.efuse)

.lock
 *(.lock*)

.signature
 *(.signature*)

.user_signatures
 *(.user_signatures*)

.stab
 *(.stab)

.stabstr
 *(.stabstr)

.stab.excl
 *(.stab.excl)

.stab.exclstr
 *(.stab.exclstr)

.stab.index
 *(.stab.index)

.stab.indexstr
 *(.stab.indexstr)

.comment        0x00000000       0x30
 *(.comment)
 .comment       0x00000000       0x30 lcd.o
                                 0x31 (size before relaxing)
 .comment       0x00000030       0x31 mcc_generated_files/system/src/config_bits.o
 .comment       0x00000030       0x31 mcc_generated_files/system/src/cpu.o
 .comment       0x00000030       0x31 mcc_generated_files/system/src/cpuint.o
 .comment       0x00000030       0x31 mcc_generated_files/tc0/src/tc0.o
 .comment       0x00000030       0x31 pinWrite.o
 .comment       0x00000030       0x31 PSB.o
 .comment       0x00000030       0x31 timer.o

.note.gnu.avr.deviceinfo
                0x00000000       0x40
 .note.gnu.avr.deviceinfo
                0x00000000       0x40 C:/Program Files (x86)/Atmel/Studio/7.0/Packs/atmel/ATmega_DFP/1.7.374/gcc/dev/atmega328p/avr5/crtatmega328p.o

.note.gnu.build-id
 *(.note.gnu.build-id)

.debug
 *(.debug)

.line
 *(.line)

.debug_srcinfo
 *(.debug_srcinfo)

.debug_sfnames
 *(.debug_sfnames)

.debug_aranges  0x00000000      0x240
 *(.debug_aranges)
 .debug_aranges
                0x00000000       0x20 Assembler1.o
 .debug_aranges
                0x00000020       0x68 lcd.o
 .debug_aranges
                0x00000088       0x18 mcc_generated_files/system/src/config_bits.o
 .debug_aranges
                0x000000a0       0x40 mcc_generated_files/system/src/cpu.o
 .debug_aranges
                0x000000e0       0x20 mcc_generated_files/system/src/cpuint.o
 .debug_aranges
                0x00000100       0x80 mcc_generated_files/tc0/src/tc0.o
 .debug_aranges
                0x00000180       0x20 pinWrite.o
 .debug_aranges
                0x000001a0       0x80 PSB.o
 .debug_aranges
                0x00000220       0x20 timer.o

.debug_pubnames
 *(.debug_pubnames)

.debug_info     0x00000000     0x1cd9
 *(.debug_info .gnu.linkonce.wi.*)
 .debug_info    0x00000000      0x5f4 C:/Program Files (x86)/Atmel/Studio/7.0/Packs/atmel/ATmega_DFP/1.7.374/gcc/dev/atmega328p/avr5/crtatmega328p.o
 .debug_info    0x000005f4       0x80 Assembler1.o
 .debug_info    0x00000674      0x918 lcd.o
 .debug_info    0x00000f8c       0xa6 mcc_generated_files/system/src/config_bits.o
 .debug_info    0x00001032       0xef mcc_generated_files/system/src/cpu.o
 .debug_info    0x00001121       0x92 mcc_generated_files/system/src/cpuint.o
 .debug_info    0x000011b3      0x1e0 mcc_generated_files/tc0/src/tc0.o
 .debug_info    0x00001393       0xd4 pinWrite.o
 .debug_info    0x00001467      0x7c4 PSB.o
 .debug_info    0x00001c2b       0xae timer.o

.debug_abbrev   0x00000000      0xd52
 *(.debug_abbrev)
 .debug_abbrev  0x00000000      0x5a2 C:/Program Files (x86)/Atmel/Studio/7.0/Packs/atmel/ATmega_DFP/1.7.374/gcc/dev/atmega328p/avr5/crtatmega328p.o
 .debug_abbrev  0x000005a2       0x14 Assembler1.o
 .debug_abbrev  0x000005b6      0x26a lcd.o
 .debug_abbrev  0x00000820       0x6f mcc_generated_files/system/src/config_bits.o
 .debug_abbrev  0x0000088f       0x7a mcc_generated_files/system/src/cpu.o
 .debug_abbrev  0x00000909       0x53 mcc_generated_files/system/src/cpuint.o
 .debug_abbrev  0x0000095c       0xc4 mcc_generated_files/tc0/src/tc0.o
 .debug_abbrev  0x00000a20       0x87 pinWrite.o
 .debug_abbrev  0x00000aa7      0x230 PSB.o
 .debug_abbrev  0x00000cd7       0x7b timer.o

.debug_line     0x00000000      0xe11
 *(.debug_line .debug_line.* .debug_line_end)
 .debug_line    0x00000000      0x134 C:/Program Files (x86)/Atmel/Studio/7.0/Packs/atmel/ATmega_DFP/1.7.374/gcc/dev/atmega328p/avr5/crtatmega328p.o
 .debug_line    0x00000134       0x6f Assembler1.o
 .debug_line    0x000001a3      0x2c5 lcd.o
 .debug_line    0x00000468       0xb1 mcc_generated_files/system/src/config_bits.o
 .debug_line    0x00000519      0x12a mcc_generated_files/system/src/cpu.o
 .debug_line    0x00000643       0xcc mcc_generated_files/system/src/cpuint.o
 .debug_line    0x0000070f      0x266 mcc_generated_files/tc0/src/tc0.o
 .debug_line    0x00000975       0xc1 pinWrite.o
 .debug_line    0x00000a36      0x326 PSB.o
 .debug_line    0x00000d5c       0xb5 timer.o

.debug_frame    0x00000000      0x3f0
 *(.debug_frame)
 .debug_frame   0x00000000      0x10c lcd.o
 .debug_frame   0x0000010c       0x64 mcc_generated_files/system/src/cpu.o
 .debug_frame   0x00000170       0x24 mcc_generated_files/system/src/cpuint.o
 .debug_frame   0x00000194       0xf8 mcc_generated_files/tc0/src/tc0.o
 .debug_frame   0x0000028c       0x24 pinWrite.o
 .debug_frame   0x000002b0      0x11c PSB.o
 .debug_frame   0x000003cc       0x24 timer.o

.debug_str      0x00000000      0xa92
 *(.debug_str)
 .debug_str     0x00000000      0x208 C:/Program Files (x86)/Atmel/Studio/7.0/Packs/atmel/ATmega_DFP/1.7.374/gcc/dev/atmega328p/avr5/crtatmega328p.o
 .debug_str     0x00000208      0x369 lcd.o
                                0x3ad (size before relaxing)
 .debug_str     0x00000571       0xf9 mcc_generated_files/system/src/config_bits.o
                                0x1a8 (size before relaxing)
 .debug_str     0x0000066a       0x7c mcc_generated_files/system/src/cpu.o
                                0x1e3 (size before relaxing)
 .debug_str     0x000006e6       0x3d mcc_generated_files/system/src/cpuint.o
                                0x1a6 (size before relaxing)
 .debug_str     0x00000723      0x1e2 mcc_generated_files/tc0/src/tc0.o
                                0x34b (size before relaxing)
 .debug_str     0x00000905       0x12 pinWrite.o
                                0x1d8 (size before relaxing)
 .debug_str     0x00000917      0x16c PSB.o
                                0x514 (size before relaxing)
 .debug_str     0x00000a83        0xf timer.o
                                0x1d5 (size before relaxing)

.debug_loc      0x00000000      0x80d
 *(.debug_loc)
 .debug_loc     0x00000000      0x50f lcd.o
 .debug_loc     0x0000050f       0x21 mcc_generated_files/system/src/cpu.o
 .debug_loc     0x00000530       0x49 mcc_generated_files/tc0/src/tc0.o
 .debug_loc     0x00000579       0x48 pinWrite.o
 .debug_loc     0x000005c1      0x24c PSB.o

.debug_macinfo
 *(.debug_macinfo)

.debug_weaknames
 *(.debug_weaknames)

.debug_funcnames
 *(.debug_funcnames)

.debug_typenames
 *(.debug_typenames)

.debug_varnames
 *(.debug_varnames)

.debug_pubtypes
 *(.debug_pubtypes)

.debug_ranges   0x00000000      0x198
 *(.debug_ranges)
 .debug_ranges  0x00000000       0x58 lcd.o
 .debug_ranges  0x00000058       0x30 mcc_generated_files/system/src/cpu.o
 .debug_ranges  0x00000088       0x10 mcc_generated_files/system/src/cpuint.o
 .debug_ranges  0x00000098       0x70 mcc_generated_files/tc0/src/tc0.o
 .debug_ranges  0x00000108       0x10 pinWrite.o
 .debug_ranges  0x00000118       0x70 PSB.o
 .debug_ranges  0x00000188       0x10 timer.o

.debug_macro
 *(.debug_macro)
OUTPUT(psbClockGCC.elf elf32-avr)
LOAD linker stubs
